MPLINK 4.37, Linker
Linker Map File - Created Mon May 09 19:24:55 2022

                                 Section Info
                  Section       Type    Address   Location Size(Bytes)
                ---------  ---------  ---------  ---------  ---------
                   .org_0       code   0x000000    program   0x000000
                   .org_1       code   0x000000    program   0x000036
 .config_2007_QUESTãO 3.O       code   0x002007    program   0x000002



                              Program Memory Usage 
                               Start         End      
                           ---------   ---------      
                            0x000000    0x00001a      
                            0x002007    0x002007      
            28 out of 8453 program addresses used, program memory utilization is 0%



                              Symbols - Sorted by Name
                     Name    Address   Location    Storage File                     
                ---------  ---------  ---------  --------- ---------                
                      FIM   0x00000a    program     static C:\Users\nilof\OneDrive\Documentos\UFPI\3° Período\Arquitetura de Sistemas\Lista Assembly\Questão 3\MPLAB\Questão 3.asm
                   INICIO   0x000007    program     static C:\Users\nilof\OneDrive\Documentos\UFPI\3° Período\Arquitetura de Sistemas\Lista Assembly\Questão 3\MPLAB\Questão 3.asm
                     LOOP   0x000007    program     static C:\Users\nilof\OneDrive\Documentos\UFPI\3° Período\Arquitetura de Sistemas\Lista Assembly\Questão 3\MPLAB\Questão 3.asm
                   cin_um   0x000011    program     static C:\Users\nilof\OneDrive\Documentos\UFPI\3° Período\Arquitetura de Sistemas\Lista Assembly\Questão 3\MPLAB\Questão 3.asm
                 cin_zero   0x00000b    program     static C:\Users\nilof\OneDrive\Documentos\UFPI\3° Período\Arquitetura de Sistemas\Lista Assembly\Questão 3\MPLAB\Questão 3.asm
                  pino_um   0x000019    program     static C:\Users\nilof\OneDrive\Documentos\UFPI\3° Período\Arquitetura de Sistemas\Lista Assembly\Questão 3\MPLAB\Questão 3.asm
                pino_zero   0x000017    program     static C:\Users\nilof\OneDrive\Documentos\UFPI\3° Período\Arquitetura de Sistemas\Lista Assembly\Questão 3\MPLAB\Questão 3.asm



                              Symbols - Sorted by Address
                     Name    Address   Location    Storage File                     
                ---------  ---------  ---------  --------- ---------                
                   INICIO   0x000007    program     static C:\Users\nilof\OneDrive\Documentos\UFPI\3° Período\Arquitetura de Sistemas\Lista Assembly\Questão 3\MPLAB\Questão 3.asm
                     LOOP   0x000007    program     static C:\Users\nilof\OneDrive\Documentos\UFPI\3° Período\Arquitetura de Sistemas\Lista Assembly\Questão 3\MPLAB\Questão 3.asm
                      FIM   0x00000a    program     static C:\Users\nilof\OneDrive\Documentos\UFPI\3° Período\Arquitetura de Sistemas\Lista Assembly\Questão 3\MPLAB\Questão 3.asm
                 cin_zero   0x00000b    program     static C:\Users\nilof\OneDrive\Documentos\UFPI\3° Período\Arquitetura de Sistemas\Lista Assembly\Questão 3\MPLAB\Questão 3.asm
                   cin_um   0x000011    program     static C:\Users\nilof\OneDrive\Documentos\UFPI\3° Período\Arquitetura de Sistemas\Lista Assembly\Questão 3\MPLAB\Questão 3.asm
                pino_zero   0x000017    program     static C:\Users\nilof\OneDrive\Documentos\UFPI\3° Período\Arquitetura de Sistemas\Lista Assembly\Questão 3\MPLAB\Questão 3.asm
                  pino_um   0x000019    program     static C:\Users\nilof\OneDrive\Documentos\UFPI\3° Período\Arquitetura de Sistemas\Lista Assembly\Questão 3\MPLAB\Questão 3.asm


