MPLINK 4.37, Linker
Linker Map File - Created Mon May 09 19:29:04 2022

                                 Section Info
                  Section       Type    Address   Location Size(Bytes)
                ---------  ---------  ---------  ---------  ---------
                   .org_0       code   0x000000    program   0x000000
                   .org_1       code   0x000000    program   0x000062



                              Program Memory Usage 
                               Start         End      
                           ---------   ---------      
                            0x000000    0x000030      
            49 out of 8453 program addresses used, program memory utilization is 0%



                              Symbols - Sorted by Name
                     Name    Address   Location    Storage File                     
                ---------  ---------  ---------  --------- ---------                
                  INVERTE   0x000020    program     static C:\Users\nilof\OneDrive\Documentos\UFPI\3° Período\Arquitetura de Sistemas\Lista Assembly\Questão 9\MPLAB\Questão 9.asm
                apaga_led   0x00001f    program     static C:\Users\nilof\OneDrive\Documentos\UFPI\3° Período\Arquitetura de Sistemas\Lista Assembly\Questão 9\MPLAB\Questão 9.asm
                   atraso   0x000024    program     static C:\Users\nilof\OneDrive\Documentos\UFPI\3° Período\Arquitetura de Sistemas\Lista Assembly\Questão 9\MPLAB\Questão 9.asm
                      dec   0x00002a    program     static C:\Users\nilof\OneDrive\Documentos\UFPI\3° Período\Arquitetura de Sistemas\Lista Assembly\Questão 9\MPLAB\Questão 9.asm
                   inicio   0x000004    program     static C:\Users\nilof\OneDrive\Documentos\UFPI\3° Período\Arquitetura de Sistemas\Lista Assembly\Questão 9\MPLAB\Questão 9.asm
                 le_botao   0x00001b    program     static C:\Users\nilof\OneDrive\Documentos\UFPI\3° Período\Arquitetura de Sistemas\Lista Assembly\Questão 9\MPLAB\Questão 9.asm
                ligar_led   0x00001d    program     static C:\Users\nilof\OneDrive\Documentos\UFPI\3° Período\Arquitetura de Sistemas\Lista Assembly\Questão 9\MPLAB\Questão 9.asm
                 recarga1   0x000028    program     static C:\Users\nilof\OneDrive\Documentos\UFPI\3° Período\Arquitetura de Sistemas\Lista Assembly\Questão 9\MPLAB\Questão 9.asm
                 recarga2   0x000026    program     static C:\Users\nilof\OneDrive\Documentos\UFPI\3° Período\Arquitetura de Sistemas\Lista Assembly\Questão 9\MPLAB\Questão 9.asm



                              Symbols - Sorted by Address
                     Name    Address   Location    Storage File                     
                ---------  ---------  ---------  --------- ---------                
                   inicio   0x000004    program     static C:\Users\nilof\OneDrive\Documentos\UFPI\3° Período\Arquitetura de Sistemas\Lista Assembly\Questão 9\MPLAB\Questão 9.asm
                 le_botao   0x00001b    program     static C:\Users\nilof\OneDrive\Documentos\UFPI\3° Período\Arquitetura de Sistemas\Lista Assembly\Questão 9\MPLAB\Questão 9.asm
                ligar_led   0x00001d    program     static C:\Users\nilof\OneDrive\Documentos\UFPI\3° Período\Arquitetura de Sistemas\Lista Assembly\Questão 9\MPLAB\Questão 9.asm
                apaga_led   0x00001f    program     static C:\Users\nilof\OneDrive\Documentos\UFPI\3° Período\Arquitetura de Sistemas\Lista Assembly\Questão 9\MPLAB\Questão 9.asm
                  INVERTE   0x000020    program     static C:\Users\nilof\OneDrive\Documentos\UFPI\3° Período\Arquitetura de Sistemas\Lista Assembly\Questão 9\MPLAB\Questão 9.asm
                   atraso   0x000024    program     static C:\Users\nilof\OneDrive\Documentos\UFPI\3° Período\Arquitetura de Sistemas\Lista Assembly\Questão 9\MPLAB\Questão 9.asm
                 recarga2   0x000026    program     static C:\Users\nilof\OneDrive\Documentos\UFPI\3° Período\Arquitetura de Sistemas\Lista Assembly\Questão 9\MPLAB\Questão 9.asm
                 recarga1   0x000028    program     static C:\Users\nilof\OneDrive\Documentos\UFPI\3° Período\Arquitetura de Sistemas\Lista Assembly\Questão 9\MPLAB\Questão 9.asm
                      dec   0x00002a    program     static C:\Users\nilof\OneDrive\Documentos\UFPI\3° Período\Arquitetura de Sistemas\Lista Assembly\Questão 9\MPLAB\Questão 9.asm


