MPLINK 4.37, Linker
Linker Map File - Created Thu Sep 15 15:48:26 2022

                                 Section Info
                  Section       Type    Address   Location Size(Bytes)
                ---------  ---------  ---------  ---------  ---------
                   .org_0       code   0x000000    program   0x000000
                   .org_1       code   0x000000    program   0x000008
                   .org_2       code   0x000004    program   0x000048
.config_2007_PR·TICA_1__28_07.O       code   0x002007    program   0x000002



                              Program Memory Usage 
                               Start         End      
                           ---------   ---------      
                            0x000000    0x000027      
                            0x002007    0x002007      
            41 out of 8453 program addresses used, program memory utilization is 0%



                              Symbols - Sorted by Name
                     Name    Address   Location    Storage File                     
                ---------  ---------  ---------  --------- ---------                
                     aux1   0x000014    program     static C:\Users\nilof\OneDrive\¡rea de Trabalho\Lab micro\Pr·tica_01__28_07\MPLAB\Pr·tica_1__28_07.asm
                     aux2   0x000016    program     static C:\Users\nilof\OneDrive\¡rea de Trabalho\Lab micro\Pr·tica_01__28_07\MPLAB\Pr·tica_1__28_07.asm
               delay500ms   0x000012    program     static C:\Users\nilof\OneDrive\¡rea de Trabalho\Lab micro\Pr·tica_01__28_07\MPLAB\Pr·tica_1__28_07.asm
                   inicio   0x000005    program     static C:\Users\nilof\OneDrive\¡rea de Trabalho\Lab micro\Pr·tica_01__28_07\MPLAB\Pr·tica_1__28_07.asm
                     loop   0x00000d    program     static C:\Users\nilof\OneDrive\¡rea de Trabalho\Lab micro\Pr·tica_01__28_07\MPLAB\Pr·tica_1__28_07.asm
                    loop2   0x000024    program     static C:\Users\nilof\OneDrive\¡rea de Trabalho\Lab micro\Pr·tica_01__28_07\MPLAB\Pr·tica_1__28_07.asm



                              Symbols - Sorted by Address
                     Name    Address   Location    Storage File                     
                ---------  ---------  ---------  --------- ---------                
                   inicio   0x000005    program     static C:\Users\nilof\OneDrive\¡rea de Trabalho\Lab micro\Pr·tica_01__28_07\MPLAB\Pr·tica_1__28_07.asm
                     loop   0x00000d    program     static C:\Users\nilof\OneDrive\¡rea de Trabalho\Lab micro\Pr·tica_01__28_07\MPLAB\Pr·tica_1__28_07.asm
               delay500ms   0x000012    program     static C:\Users\nilof\OneDrive\¡rea de Trabalho\Lab micro\Pr·tica_01__28_07\MPLAB\Pr·tica_1__28_07.asm
                     aux1   0x000014    program     static C:\Users\nilof\OneDrive\¡rea de Trabalho\Lab micro\Pr·tica_01__28_07\MPLAB\Pr·tica_1__28_07.asm
                     aux2   0x000016    program     static C:\Users\nilof\OneDrive\¡rea de Trabalho\Lab micro\Pr·tica_01__28_07\MPLAB\Pr·tica_1__28_07.asm
                    loop2   0x000024    program     static C:\Users\nilof\OneDrive\¡rea de Trabalho\Lab micro\Pr·tica_01__28_07\MPLAB\Pr·tica_1__28_07.asm


