MPLINK 4.37, Linker
Linker Map File - Created Mon May 09 19:27:26 2022

                                 Section Info
                  Section       Type    Address   Location Size(Bytes)
                ---------  ---------  ---------  ---------  ---------
                   .org_0       code   0x000000    program   0x000000
                   .org_1       code   0x000000    program   0x000048
 .config_2007_QUESTãO 8.O       code   0x002007    program   0x000002



                              Program Memory Usage 
                               Start         End      
                           ---------   ---------      
                            0x000000    0x000023      
                            0x002007    0x002007      
            37 out of 8453 program addresses used, program memory utilization is 0%



                              Symbols - Sorted by Name
                     Name    Address   Location    Storage File                     
                ---------  ---------  ---------  --------- ---------                
                      FIM   0x000014    program     static C:\Users\nilof\OneDrive\Documentos\UFPI\3° Período\Arquitetura de Sistemas\Lista Assembly\Questão 8\MPLAB\Questão 8.asm
                   INICIO   0x00000e    program     static C:\Users\nilof\OneDrive\Documentos\UFPI\3° Período\Arquitetura de Sistemas\Lista Assembly\Questão 8\MPLAB\Questão 8.asm
                     LOOP   0x00000e    program     static C:\Users\nilof\OneDrive\Documentos\UFPI\3° Período\Arquitetura de Sistemas\Lista Assembly\Questão 8\MPLAB\Questão 8.asm
                port_dois   0x000015    program     static C:\Users\nilof\OneDrive\Documentos\UFPI\3° Período\Arquitetura de Sistemas\Lista Assembly\Questão 8\MPLAB\Questão 8.asm
              port_quatro   0x00001f    program     static C:\Users\nilof\OneDrive\Documentos\UFPI\3° Período\Arquitetura de Sistemas\Lista Assembly\Questão 8\MPLAB\Questão 8.asm
                port_tres   0x00001a    program     static C:\Users\nilof\OneDrive\Documentos\UFPI\3° Período\Arquitetura de Sistemas\Lista Assembly\Questão 8\MPLAB\Questão 8.asm



                              Symbols - Sorted by Address
                     Name    Address   Location    Storage File                     
                ---------  ---------  ---------  --------- ---------                
                   INICIO   0x00000e    program     static C:\Users\nilof\OneDrive\Documentos\UFPI\3° Período\Arquitetura de Sistemas\Lista Assembly\Questão 8\MPLAB\Questão 8.asm
                     LOOP   0x00000e    program     static C:\Users\nilof\OneDrive\Documentos\UFPI\3° Período\Arquitetura de Sistemas\Lista Assembly\Questão 8\MPLAB\Questão 8.asm
                      FIM   0x000014    program     static C:\Users\nilof\OneDrive\Documentos\UFPI\3° Período\Arquitetura de Sistemas\Lista Assembly\Questão 8\MPLAB\Questão 8.asm
                port_dois   0x000015    program     static C:\Users\nilof\OneDrive\Documentos\UFPI\3° Período\Arquitetura de Sistemas\Lista Assembly\Questão 8\MPLAB\Questão 8.asm
                port_tres   0x00001a    program     static C:\Users\nilof\OneDrive\Documentos\UFPI\3° Período\Arquitetura de Sistemas\Lista Assembly\Questão 8\MPLAB\Questão 8.asm
              port_quatro   0x00001f    program     static C:\Users\nilof\OneDrive\Documentos\UFPI\3° Período\Arquitetura de Sistemas\Lista Assembly\Questão 8\MPLAB\Questão 8.asm


